../Core/Src/fips202.c:30:17:load64	48	static
../Core/Src/fips202.c:47:13:store64	40	static
../Core/Src/fips202.c:76:13:KeccakF1600_StatePermute	2984	static
../Core/Src/fips202.c:352:13:keccak_absorb	264	static
../Core/Src/fips202.c:398:13:keccak_squeezeblocks	32	static
../Core/Src/fips202.c:420:13:keccak_inc_init	24	static
../Core/Src/fips202.c:443:13:keccak_inc_absorb	224	static
../Core/Src/fips202.c:480:13:keccak_inc_finalize	72	static
../Core/Src/fips202.c:501:13:keccak_inc_squeeze	152	static
../Core/Src/fips202.c:528:6:shake128_inc_init	16	static
../Core/Src/fips202.c:532:6:shake128_inc_absorb	24	static
../Core/Src/fips202.c:536:6:shake128_inc_finalize	16	static
../Core/Src/fips202.c:540:6:shake128_inc_squeeze	24	static
../Core/Src/fips202.c:544:6:shake128_inc_ctx_clone	16	static
../Core/Src/fips202.c:548:6:shake128_inc_ctx_release	16	static
../Core/Src/fips202.c:552:6:shake256_inc_init	16	static
../Core/Src/fips202.c:556:6:shake256_inc_absorb	24	static
../Core/Src/fips202.c:560:6:shake256_inc_finalize	16	static
../Core/Src/fips202.c:564:6:shake256_inc_squeeze	24	static
../Core/Src/fips202.c:568:6:shake256_inc_ctx_clone	16	static
../Core/Src/fips202.c:572:6:shake256_inc_ctx_release	16	static
../Core/Src/fips202.c:588:6:shake128_absorb	32	static
../Core/Src/fips202.c:604:6:shake128_squeezeblocks	24	static
../Core/Src/fips202.c:608:6:shake128_ctx_clone	16	static
../Core/Src/fips202.c:613:6:shake128_ctx_release	16	static
../Core/Src/fips202.c:628:6:shake256_absorb	32	static
../Core/Src/fips202.c:644:6:shake256_squeezeblocks	24	static
../Core/Src/fips202.c:648:6:shake256_ctx_clone	16	static
../Core/Src/fips202.c:653:6:shake256_ctx_release	16	static
../Core/Src/fips202.c:667:6:shake128	408	static
../Core/Src/fips202.c:698:6:shake256	376	static
../Core/Src/fips202.c:719:6:sha3_256_inc_init	16	static
../Core/Src/fips202.c:723:6:sha3_256_inc_ctx_clone	16	static
../Core/Src/fips202.c:727:6:sha3_256_inc_ctx_release	16	static
../Core/Src/fips202.c:731:6:sha3_256_inc_absorb	24	static
../Core/Src/fips202.c:735:6:sha3_256_inc_finalize	160	static
../Core/Src/fips202.c:757:6:sha3_256	376	static
../Core/Src/fips202.c:772:6:sha3_384_inc_init	16	static
../Core/Src/fips202.c:776:6:sha3_384_inc_ctx_clone	16	static
../Core/Src/fips202.c:780:6:sha3_384_inc_absorb	24	static
../Core/Src/fips202.c:784:6:sha3_384_inc_ctx_release	16	static
../Core/Src/fips202.c:788:6:sha3_384_inc_finalize	128	static
../Core/Src/fips202.c:810:6:sha3_384	344	static
../Core/Src/fips202.c:825:6:sha3_512_inc_init	16	static
../Core/Src/fips202.c:829:6:sha3_512_inc_ctx_clone	16	static
../Core/Src/fips202.c:833:6:sha3_512_inc_absorb	24	static
../Core/Src/fips202.c:837:6:sha3_512_inc_ctx_release	16	static
../Core/Src/fips202.c:841:6:sha3_512_inc_finalize	96	static
../Core/Src/fips202.c:863:6:sha3_512	312	static
