../Core/Inc/ec.h:162:1:copy_point	16	static
../Core/Inc/ec.h:169:1:copy_basis	16	static
../Core/Inc/ec.h:177:1:copy_curve	16	static
../Core/Inc/ec.h:570:1:test_point_order_twof	464	static
../Core/Inc/ec.h:599:1:test_basis_order_twof	40	static
../Core/Inc/ec.h:618:1:test_jac_order_twof	248	static
../Core/Inc/ec.h:635:1:ec_point_print	88	static
../Core/Inc/ec.h:650:1:ec_curve_print	88	static
../Core/Inc/hd.h:419:1:test_couple_point_order_twof	32	static
../Core/Src/sign.c:11:1:commit	40	static
../Core/Src/sign.c:26:1:compute_challenge_ideal_signature	48	static
../Core/Src/sign.c:51:1:sample_response	40	static
../Core/Src/sign.c:66:1:compute_response_quat_element	664	static
../Core/Src/sign.c:98:1:compute_backtracking_signature	88	static
../Core/Src/sign.c:124:1:compute_random_aux_norm_and_helpers	96	static
../Core/Src/sign.c:193:1:evaluate_random_aux_isogeny_signature	488	static
../Core/Src/sign.c:225:1:compute_dim2_isogeny_challenge	2992	static
../Core/Src/sign.c:304:1:compute_small_chain_isogeny_signature	880	static
../Core/Src/sign.c:362:1:compute_challenge_codomain_signature	1272	static
../Core/Src/sign.c:411:1:set_aux_curve_signature	16	static
../Core/Src/sign.c:418:1:compute_and_set_basis_change_matrix	1072	static
../Core/Src/sign.c:479:1:protocols_sign	4016	static
