../Core/Inc/ec.h:162:1:copy_point	16	static
../Core/Inc/ec.h:177:1:copy_curve	16	static
../Core/Inc/ec.h:570:1:test_point_order_twof	464	static
../Core/Inc/ec.h:599:1:test_basis_order_twof	40	static
../Core/Inc/ec.h:618:1:test_jac_order_twof	248	static
../Core/Inc/ec.h:635:1:ec_point_print	88	static
../Core/Inc/ec.h:650:1:ec_curve_print	88	static
../Core/Inc/hd.h:419:1:test_couple_point_order_twof	32	static
../Core/Inc/theta_structure.h:31:1:hadamard	304	static
../Core/Inc/theta_structure.h:59:1:pointwise_square	16	static
../Core/Inc/theta_structure.h:77:1:to_squared_theta	16	static
../Core/Src/theta_isogenies.c:12:1:select_base_change_matrix	32	static
../Core/Src/theta_isogenies.c:24:1:set_base_change_matrix_from_precomp	32	static
../Core/Src/theta_isogenies.c:32:1:choose_index_theta_point	32	static
../Core/Src/theta_isogenies.c:56:1:apply_isomorphism_general	392	static
../Core/Src/theta_isogenies.c:109:1:apply_isomorphism	24	static
../Core/Src/theta_isogenies.c:116:1:base_change_matrix_multiplication	1416	static
../Core/Src/theta_isogenies.c:139:1:base_change	312	static
../Core/Src/theta_isogenies.c:155:1:action_by_translation_z_and_det	96	static
../Core/Src/theta_isogenies.c:168:1:action_by_translation_compute_matrix	96	static
../Core/Src/theta_isogenies.c:199:1:verify_two_torsion	608	static
../Core/Src/theta_isogenies.c:231:1:action_by_translation	1192	static
../Core/Src/theta_isogenies.c:272:1:gluing_change_of_basis	1544	static
../Core/Src/theta_isogenies.c:397:1:gluing_compute	2784	static
../Core/Src/theta_isogenies.c:502:1:gluing_eval_point	1032	static
../Core/Src/theta_isogenies.c:556:1:gluing_eval_point_special_case	312	static
../Core/Src/theta_isogenies.c:592:1:gluing_eval_basis	24	static
../Core/Src/theta_isogenies.c:619:1:theta_isogeny_compute	824	static
../Core/Src/theta_isogenies.c:715:1:theta_isogeny_compute_4	752	static
../Core/Src/theta_isogenies.c:804:1:theta_isogeny_compute_2	320	static
../Core/Src/theta_isogenies.c:856:1:theta_isogeny_eval	24	static
../Core/Src/theta_isogenies.c:879:1:sample_random_index	40	static
../Core/Src/theta_isogenies.c:900:1:splitting_compute	1424	static
../Core/Src/theta_isogenies.c:971:1:theta_product_structure_to_elliptic_product	168	static
../Core/Src/theta_isogenies.c:1019:1:theta_point_to_montgomery_point	112	static
../Core/Src/theta_isogenies.c:1059:1:_theta_chain_compute_impl	10520	dynamic
../Core/Src/theta_isogenies.c:1248:1:theta_chain_compute_and_eval	48	static
../Core/Src/theta_isogenies.c:1262:1:theta_chain_compute_and_eval_verify	48	static
../Core/Src/theta_isogenies.c:1274:1:theta_chain_compute_and_eval_randomized	48	static
