../Core/Src/dim4.c:6:1:sqisign_gen_ibz_mat_4x4_mul	256	static
../Core/Src/dim4.c:32:1:sqisign_gen_ibz_vec_4_set	24	static
../Core/Src/dim4.c:41:1:sqisign_gen_ibz_vec_4_copy	24	static
../Core/Src/dim4.c:49:1:sqisign_gen_ibz_vec_4_copy_ibz	24	static
../Core/Src/dim4.c:58:1:sqisign_gen_ibz_vec_4_content	16	static
../Core/Src/dim4.c:66:1:sqisign_gen_ibz_vec_4_negate	24	static
../Core/Src/dim4.c:74:1:sqisign_gen_ibz_vec_4_add	24	static
../Core/Src/dim4.c:83:1:sqisign_gen_ibz_vec_4_sub	24	static
../Core/Src/dim4.c:92:1:sqisign_gen_ibz_vec_4_is_zero	24	static
../Core/Src/dim4.c:102:1:sqisign_gen_ibz_vec_4_linear_combination	96	static
../Core/Src/dim4.c:125:1:sqisign_gen_ibz_vec_4_scalar_mul	32	static
../Core/Src/dim4.c:133:1:sqisign_gen_ibz_vec_4_scalar_div	48	static
../Core/Src/dim4.c:147:1:sqisign_gen_ibz_mat_4x4_copy	24	static
../Core/Src/dim4.c:157:1:sqisign_gen_ibz_mat_4x4_negate	24	static
../Core/Src/dim4.c:167:1:sqisign_gen_ibz_mat_4x4_transpose	216	static
../Core/Src/dim4.c:181:1:sqisign_gen_ibz_mat_4x4_zero	24	static
../Core/Src/dim4.c:191:1:sqisign_gen_ibz_mat_4x4_identity	24	static
../Core/Src/dim4.c:202:1:sqisign_gen_ibz_mat_4x4_is_identity	32	static
../Core/Src/dim4.c:214:1:sqisign_gen_ibz_mat_4x4_equal	32	static
../Core/Src/dim4.c:226:1:sqisign_gen_ibz_mat_4x4_scalar_mul	32	static
../Core/Src/dim4.c:236:1:sqisign_gen_ibz_mat_4x4_gcd	40	static
../Core/Src/dim4.c:251:1:sqisign_gen_ibz_mat_4x4_scalar_div	48	static
../Core/Src/dim4.c:268:1:sqisign_gen_ibz_inv_dim4_make_coeff_pmp	48	static
../Core/Src/dim4.c:289:1:sqisign_gen_ibz_inv_dim4_make_coeff_mpm	48	static
../Core/Src/dim4.c:312:1:sqisign_gen_ibz_mat_4x4_inv_with_det_as_denom	448	static
../Core/Src/dim4.c:412:1:sqisign_gen_ibz_mat_4x4_eval	96	static
../Core/Src/dim4.c:431:1:sqisign_gen_ibz_mat_4x4_eval_t	96	static
../Core/Src/dim4.c:452:1:sqisign_gen_quat_qf_eval	88	static
