../Core/Src/main.c:62:6:SDRAM_Clear	16	static
../Core/Src/main.c:94:5:main	8	static,ignoring_inline_asm
../Core/Src/main.c:164:6:SystemClock_Config	88	static
../Core/Src/main.c:217:13:MX_I2C3_Init	8	static
../Core/Src/main.c:265:13:MX_RNG_Init	8	static
../Core/Src/main.c:291:13:MX_SPI5_Init	8	static
../Core/Src/main.c:329:13:MX_TIM1_Init	32	static
../Core/Src/main.c:375:13:MX_USART1_UART_Init	8	static
../Core/Src/main.c:404:13:MX_FMC_Init	40	static
../Core/Src/main.c:455:13:MX_GPIO_Init	64	static
../Core/Src/main.c:622:5:__io_putchar	16	static
../Core/Src/main.c:628:5:_write	24	static
../Core/Src/main.c:643:6:HAL_TIM_PeriodElapsedCallback	16	static
../Core/Src/main.c:661:6:Error_Handler	4	static,ignoring_inline_asm
