../Core/Inc/mp.h:42:1:is_digit_nonzero_ct	16	static
../Core/Inc/mp.h:48:1:is_digit_zero_ct	16	static
../Core/Inc/mp.h:54:1:is_digit_lessthan_ct	16	static
../Core/Src/mp.c:8:1:sqisign_gen_MUL	56	static
../Core/Src/mp.c:60:1:sqisign_gen_mp_add	48	static
../Core/Src/mp.c:70:1:sqisign_gen_mp_shiftr	32	static
../Core/Src/mp.c:82:1:sqisign_gen_mp_shiftl	32	static
../Core/Src/mp.c:92:1:sqisign_gen_multiple_mp_shiftl	32	static
../Core/Src/mp.c:105:1:sqisign_gen_mp_sub	48	static
../Core/Src/mp.c:115:1:sqisign_gen_select_ct	32	static
../Core/Src/mp.c:124:1:sqisign_gen_swap_ct	32	static
../Core/Src/mp.c:137:1:sqisign_gen_mp_compare	32	static
../Core/Src/mp.c:150:1:sqisign_gen_mp_is_zero	24	static
../Core/Src/mp.c:162:1:sqisign_gen_mp_mul2	80	static
../Core/Src/mp.c:181:1:sqisign_gen_mp_print	24	static
../Core/Src/mp.c:194:1:sqisign_gen_mp_copy	32	static
../Core/Src/mp.c:202:1:sqisign_gen_mp_mul	120	dynamic
../Core/Src/mp.c:233:1:sqisign_gen_mp_mod_2exp	40	static
../Core/Src/mp.c:247:1:sqisign_gen_mp_neg	24	static
../Core/Src/mp.c:257:1:sqisign_gen_mp_is_one	24	static
../Core/Src/mp.c:272:1:sqisign_gen_mp_inv_2e	168	dynamic
../Core/Src/mp.c:321:1:sqisign_gen_mp_invert_matrix	184	dynamic
