../Core/Src/algebra.c:7:1:sqisign_gen_quat_alg_init_set_ui	32	static
../Core/Src/algebra.c:17:1:sqisign_gen_quat_alg_coord_mul	88	static
../Core/Src/algebra.c:78:1:sqisign_gen_quat_alg_equal_denom	56	static
../Core/Src/algebra.c:104:1:sqisign_gen_quat_alg_add	144	static
../Core/Src/algebra.c:119:1:sqisign_gen_quat_alg_sub	144	static
../Core/Src/algebra.c:134:1:sqisign_gen_quat_alg_mul	24	static
../Core/Src/algebra.c:142:1:sqisign_gen_quat_alg_norm	112	static
../Core/Src/algebra.c:165:1:sqisign_gen_quat_alg_scalar	24	static
../Core/Src/algebra.c:175:1:sqisign_gen_quat_alg_conj	16	static
../Core/Src/algebra.c:185:1:sqisign_gen_quat_alg_make_primitive	48	static
../Core/Src/algebra.c:199:1:sqisign_gen_quat_alg_normalize	56	static
../Core/Src/algebra.c:218:1:sqisign_gen_quat_alg_elem_equal	80	static
../Core/Src/algebra.c:229:1:sqisign_gen_quat_alg_elem_is_zero	24	static
../Core/Src/algebra.c:236:1:sqisign_gen_quat_alg_elem_set	24	static
../Core/Src/algebra.c:247:1:sqisign_gen_quat_alg_elem_copy	16	static
../Core/Src/algebra.c:258:1:sqisign_gen_quat_alg_elem_copy_ibz	24	static
../Core/Src/algebra.c:274:1:sqisign_gen_quat_alg_elem_mul_by_scalar	32	static
