../Core/Inc/ec.h:162:1:copy_point	16	static
../Core/Inc/ec.h:169:1:copy_basis	16	static
../Core/Inc/ec.h:177:1:copy_curve	16	static
../Core/Inc/ec.h:570:1:test_point_order_twof	704	static
../Core/Inc/ec.h:599:1:test_basis_order_twof	40	static
../Core/Inc/ec.h:618:1:test_jac_order_twof	368	static
../Core/Inc/ec.h:635:1:ec_point_print	128	static
../Core/Inc/ec.h:650:1:ec_curve_print	128	static
../Core/Inc/hd.h:419:1:test_couple_point_order_twof	32	static
../Core/Src/dim2id2iso.c:12:1:_fixed_degree_isogeny_impl	5896	static
../Core/Src/dim2id2iso.c:179:1:fixed_degree_isogeny_and_eval	40	static
../Core/Src/dim2id2iso.c:194:1:post_LLL_basis_treatment	48	static
../Core/Src/dim2id2iso.c:256:1:enumerate_hypercube	144	static
../Core/Src/dim2id2iso.c:363:1:find_uv_from_lists	80	static
../Core/Src/dim2id2iso.c:459:1:compare_vec_by_norm	32	static
../Core/Src/dim2id2iso.c:472:1:find_uv	2280	dynamic
../Core/Src/dim2id2iso.c:759:1:dim2id2iso_ideal_to_isogeny_clapotis	17880	static
../Core/Src/dim2id2iso.c:1145:1:dim2id2iso_arbitrary_isogeny_evaluation	232	static
