../Core/Inc/ec.h:162:1:copy_point	16	static
../Core/Inc/ec.h:177:1:copy_curve	16	static
../Core/Inc/ec.h:215:1:AC_to_A24	16	static
../Core/Inc/ec.h:570:1:test_point_order_twof	704	static
../Core/Inc/ec.h:599:1:test_basis_order_twof	40	static
../Core/Inc/ec.h:618:1:test_jac_order_twof	368	static
../Core/Inc/ec.h:635:1:ec_point_print	128	static
../Core/Inc/ec.h:650:1:ec_curve_print	128	static
../Core/Src/ec.c:7:1:ec_point_init	16	static
../Core/Src/ec.c:14:1:ec_curve_init	16	static
../Core/Src/ec.c:28:1:select_point	24	static
../Core/Src/ec.c:36:1:cswap_points	24	static
../Core/Src/ec.c:44:1:ec_normalize_point	16	static
../Core/Src/ec.c:52:1:ec_normalize_curve	16	static
../Core/Src/ec.c:60:1:ec_curve_normalize_A24	16	static
../Core/Src/ec.c:71:1:ec_normalize_curve_and_A24	16	static
../Core/Src/ec.c:93:1:ec_is_zero	16	static
../Core/Src/ec.c:99:1:ec_has_zero_coordinate	24	static
../Core/Src/ec.c:105:1:ec_is_equal	256	static
../Core/Src/ec.c:126:1:ec_is_two_torsion	360	static
../Core/Src/ec.c:152:1:ec_is_four_torsion	240	static
../Core/Src/ec.c:160:1:ec_is_basis_four_torsion	472	static
../Core/Src/ec.c:169:1:ec_curve_verify_A	128	static
../Core/Src/ec.c:184:1:ec_curve_init_from_A	16	static
../Core/Src/ec.c:193:1:ec_j_inv	240	static
../Core/Src/ec.c:216:1:xDBL_E0	352	static
../Core/Src/ec.c:234:1:xDBL	472	static
../Core/Src/ec.c:257:1:xDBL_A24	368	static
../Core/Src/ec.c:278:1:xADD	480	static
../Core/Src/ec.c:301:1:xDBLADD	368	static
../Core/Src/ec.c:339:1:xMUL	744	static
../Core/Src/ec.c:384:1:xDBLMUL	5568	static
../Core/Src/ec.c:519:1:ec_ladder3pt	736	static
../Core/Src/ec.c:561:1:ec_dbl	24	static
../Core/Src/ec.c:574:1:ec_dbl_iter	32	static
../Core/Src/ec.c:604:1:ec_dbl_iter_basis	24	static
../Core/Src/ec.c:612:1:ec_mul	32	static
../Core/Src/ec.c:624:1:ec_biscalar_mul	512	static
